// Jest Snapshot v1, https://goo.gl/fbAQLP

exports[`ActionMenu renders consistently 1`] = `
.c0 {
  font-family: -apple-system,BlinkMacSystemFont,"Segoe UI","Noto Sans",Helvetica,Arial,sans-serif,"Apple Color Emoji","Segoe UI Emoji";
  line-height: 1.5;
  color: #24292f;
}

.c2 {
  -webkit-box-pack: center;
  -webkit-justify-content: center;
  -ms-flex-pack: center;
  justify-content: center;
}

.c3 {
  display: -webkit-box;
  display: -webkit-flex;
  display: -ms-flexbox;
  display: flex;
  pointer-events: none;
}

.c1 {
  border-radius: 6px;
  border: 1px solid;
  border-color: rgba(27,31,36,0.15);
  font-family: inherit;
  font-weight: 500;
  font-size: 14px;
  cursor: pointer;
  -webkit-appearance: none;
  -moz-appearance: none;
  appearance: none;
  -webkit-user-select: none;
  -moz-user-select: none;
  -ms-user-select: none;
  user-select: none;
  -webkit-text-decoration: none;
  text-decoration: none;
  text-align: center;
  display: -webkit-box;
  display: -webkit-flex;
  display: -ms-flexbox;
  display: flex;
  -webkit-align-items: center;
  -webkit-box-align: center;
  -ms-flex-align: center;
  align-items: center;
  -webkit-box-pack: justify;
  -webkit-justify-content: space-between;
  -ms-flex-pack: justify;
  justify-content: space-between;
  height: 32px;
  padding: 0 12px;
  gap: 8px;
  min-width: -webkit-max-content;
  min-width: -moz-max-content;
  min-width: max-content;
  -webkit-transition: 80ms cubic-bezier(0.65,0,0.35,1);
  transition: 80ms cubic-bezier(0.65,0,0.35,1);
  -webkit-transition-property: color,fill,background-color,border-color;
  transition-property: color,fill,background-color,border-color;
  color: #24292f;
  background-color: #f6f8fa;
  box-shadow: 0 1px 0 rgba(27,31,36,0.04),inset 0 1px 0 rgba(255,255,255,0.25);
}

.c1:focus:not(:disabled) {
  box-shadow: none;
  outline: 2px solid #0969da;
  outline-offset: -2px;
}

.c1:focus:not(:disabled):not(:focus-visible) {
  outline: solid 1px transparent;
}

.c1:focus-visible:not(:disabled) {
  box-shadow: none;
  outline: 2px solid #0969da;
  outline-offset: -2px;
}

.c1[href] {
  display: -webkit-inline-box;
  display: -webkit-inline-flex;
  display: -ms-inline-flexbox;
  display: inline-flex;
}

.c1[href]:hover {
  -webkit-text-decoration: none;
  text-decoration: none;
}

.c1:hover {
  -webkit-transition-duration: 80ms;
  transition-duration: 80ms;
}

.c1:active {
  -webkit-transition: none;
  transition: none;
}

.c1:disabled {
  cursor: not-allowed;
  box-shadow: none;
  color: #8c959f;
}

.c1:disabled [data-component=ButtonCounter] {
  color: inherit;
}

.c1 [data-component=ButtonCounter] {
  font-size: 14px;
}

.c1[data-component=IconButton] {
  display: inline-grid;
  padding: unset;
  place-content: center;
  width: 32px;
  min-width: unset;
}

.c1[data-size="small"] {
  padding: 0 8px;
  height: 28px;
  gap: 4px;
  font-size: 12px;
}

.c1[data-size="small"] [data-component="text"] {
  line-height: calc(20 / 12);
}

.c1[data-size="small"] [data-component=ButtonCounter] {
  font-size: 12px;
}

.c1[data-size="small"] [data-component="buttonContent"] > :not(:last-child) {
  margin-right: 4px;
}

.c1[data-size="small"][data-component=IconButton] {
  width: 28px;
  padding: unset;
}

.c1[data-size="large"] {
  padding: 0 16px;
  height: 40px;
  gap: 8px;
}

.c1[data-size="large"] [data-component="buttonContent"] > :not(:last-child) {
  margin-right: 8px;
}

.c1[data-size="large"][data-component=IconButton] {
  width: 40px;
  padding: unset;
}

.c1[data-block="block"] {
  width: 100%;
}

.c1 [data-component="leadingVisual"] {
  grid-area: leadingVisual;
}

.c1 [data-component="text"] {
  grid-area: text;
  line-height: calc(20/14);
  white-space: nowrap;
}

.c1 [data-component="trailingVisual"] {
  grid-area: trailingVisual;
}

.c1 [data-component="trailingAction"] {
  margin-right: -4px;
}

.c1 [data-component="buttonContent"] {
  -webkit-flex: 1 0 auto;
  -ms-flex: 1 0 auto;
  flex: 1 0 auto;
  display: grid;
  grid-template-areas: "leadingVisual text trailingVisual";
  grid-template-columns: min-content minmax(0,auto) min-content;
  -webkit-align-items: center;
  -webkit-box-align: center;
  -ms-flex-align: center;
  align-items: center;
  -webkit-align-content: center;
  -ms-flex-line-pack: center;
  align-content: center;
}

.c1 [data-component="buttonContent"] > :not(:last-child) {
  margin-right: 8px;
}

.c1:hover:not([disabled]) {
  background-color: #f3f4f6;
  border-color: rgba(27,31,36,0.15);
}

.c1:active:not([disabled]) {
  background-color: hsla(220,14%,93%,1);
  border-color: rgba(27,31,36,0.15);
}

.c1[aria-expanded=true] {
  background-color: hsla(220,14%,93%,1);
  border-color: rgba(27,31,36,0.15);
}

@media (forced-colors:active) {
  .c1:focus {
    outline: solid 1px transparent;
  }
}

<div
  className="c0"
  color="fg.default"
  data-color-mode="light"
  data-dark-theme="dark"
  data-light-theme="light"
  data-portal-root={true}
  fontFamily="normal"
>
  <button
    aria-haspopup="true"
    className="c1"
    data-block={null}
    id="react-aria-1"
    onClick={[Function]}
    onKeyDown={[Function]}
    tabIndex={0}
    type="button"
  >
    <span
      className="c2"
      data-component="buttonContent"
    >
      <span
        data-component="text"
      >
        Toggle Menu
      </span>
    </span>
    <span
      className="c3"
      data-component="trailingAction"
    >
      <svg
        aria-hidden="true"
        className="octicon octicon-triangle-down"
        fill="currentColor"
        focusable="false"
        height={16}
        role="img"
        style={
          {
            "display": "inline-block",
            "overflow": "visible",
            "userSelect": "none",
            "verticalAlign": "text-bottom",
          }
        }
        viewBox="0 0 16 16"
        width={16}
      >
        <path
          d="m4.427 7.427 3.396 3.396a.25.25 0 0 0 .354 0l3.396-3.396A.25.25 0 0 0 11.396 7H4.604a.25.25 0 0 0-.177.427Z"
        />
      </svg>
    </span>
  </button>
</div>
`;
